ASxxxx Linker V03.00/V05.40 + sdld,  page 1.
Hexadecimal  [32-Bits]

Area                                    Addr        Size        Decimal Bytes (Attributes)
--------------------------------        ----        ----        ------- ----- ------------
CABS                                00000000    00000000 =           0. bytes (ABS,CON,CODE)

      Value  Global                              Global Defined In Module
      -----  --------------------------------   ------------------------
C:   00000000  l_BIT_BANK                      
C:   00000000  l_BSEG                          
C:   00000000  l_BSEG_BYTES                    
C:   00000000  l_CABS                          
C:   00000000  l_GSINIT1                       
C:   00000000  l_GSINIT5                       
C:   00000000  l_IABS                          
C:   00000000  l_ISEG                          
C:   00000000  l_PSEG                          
C:   00000000  l_REG_BANK_1                    
C:   00000000  l_REG_BANK_2                    
C:   00000000  l_REG_BANK_3                    
C:   00000000  l_RSEG                          
C:   00000000  l_RSEG0                         
C:   00000000  l_RSEG1                         
C:   00000000  l_XABS                          
C:   00000000  l_XINIT                         
C:   00000000  l_XISEG                         
C:   00000000  l_XSEG                          
C:   00000000  l__CODE                         
C:   00000000  s_BSEG                          
C:   00000000  s_CABS                          
C:   00000000  s_DSEG                          
C:   00000000  s_HOME                          
C:   00000000  s_IABS                          
C:   00000000  s_ISEG                          
C:   00000000  s_REG_BANK_0                    
C:   00000000  s_RSEG                          
C:   00000000  s_RSEG0                         
C:   00000000  s_RSEG1                         
C:   00000000  s_XABS                          
C:   00000001  s_PSEG                          
C:   00000001  s_XISEG                         
C:   00000001  s_XSEG                          
C:   00000003  l_GSFINAL                       
C:   00000003  l_GSINIT0                       
C:   00000004  l_OSEG                          
C:   00000008  l_REG_BANK_0                    
C:   00000008  s_REG_BANK_1                    
C:   0000000A  l_GSINIT2                       
C:   00000010  s_REG_BANK_2                    
C:   00000018  s_BIT_BANK                      
C:   00000018  s_REG_BANK_3                    
C:   0000001A  l_CONST                         
C:   00000020  s_BSEG_BYTES                    
C:   00000020  s__CODE                         
C:   00000021  l_HOME                          
C:   00000021  s_GSINIT0                       
C:   00000022  l_GSINIT3                       
C:   00000024  s_GSINIT1                       
ASxxxx Linker V03.00/V05.40 + sdld,  page 2.
Hexadecimal  [32-Bits]

Area                                    Addr        Size        Decimal Bytes (Attributes)
--------------------------------        ----        ----        ------- ----- ------------
CABS                                00000000    00000000 =           0. bytes (ABS,CON,CODE)

      Value  Global                              Global Defined In Module
      -----  --------------------------------   ------------------------
C:   00000024  s_GSINIT2                       
C:   0000002A  l_GSINIT4                       
C:   0000002E  s_GSINIT3                       
C:   00000050  s_GSINIT4                       
C:   00000057  s_OSEG                          
C:   0000005B  s_SSEG                          
C:   0000007A  s_GSINIT                        
C:   0000007A  s_GSINIT5                       
C:   00000080  l_DSEG                          
C:   00000097  l_GSINIT                        
C:   000000A5  l_SSEG                          
C:   00000100  l_IRAM                          
C:   00000111  s_GSFINAL                       
C:   00000114  s_CSEG                          
C:   00000907  l_CSEG                          
C:   00000A1B  s_CONST                         
C:   00000A35  s_XINIT                         

ASxxxx Linker V03.00/V05.40 + sdld,  page 3.
Hexadecimal  [32-Bits]

Area                                    Addr        Size        Decimal Bytes (Attributes)
--------------------------------        ----        ----        ------- ----- ------------
.  .ABS.                            00000000    00000000 =           0. bytes (ABS,CON)

      Value  Global                              Global Defined In Module
      -----  --------------------------------   ------------------------
     00000000  .__.ABS.                           _startup
     00000080  _P0                                lcd
     00000080  _P0_0                              lcd
     00000081  _P0_1                              lcd
     00000081  _SP                                lcd
     00000082  _DPL                               lcd
     00000082  _P0_2                              lcd
     00000083  _DPH                               lcd
     00000083  _P0_3                              lcd
     00000084  _P0_4                              lcd
     00000085  _P0_5                              lcd
     00000086  _P0_6                              lcd
     00000087  _P0_7                              lcd
     00000087  _PCON                              lcd
     00000088  _IT0                               lcd
     00000088  _TCON                              lcd
     00000089  _IE0                               lcd
     00000089  _TMOD                              lcd
     0000008A  _IT1                               lcd
     0000008A  _TL0                               lcd
     0000008B  _IE1                               lcd
     0000008B  _TL1                               lcd
     0000008C  _TH0                               lcd
     0000008C  _TR0                               lcd
     0000008D  _TF0                               lcd
     0000008D  _TH1                               lcd
     0000008E  _TR1                               lcd
     0000008F  _TF1                               lcd
     00000090  _P1                                lcd
     00000090  _P1_0                              lcd
     00000091  _P1_1                              lcd
     00000092  _P1_2                              lcd
     00000093  _P1_3                              lcd
     00000094  _P1_4                              lcd
     00000095  _P1_5                              lcd
     00000096  _P1_6                              lcd
     00000097  _P1_7                              lcd
     00000098  _RI                                lcd
     00000098  _SCON                              lcd
     00000099  _SBUF                              lcd
     00000099  _TI                                lcd
     0000009A  _RB8                               lcd
     0000009B  _TB8                               lcd
     0000009C  _REN                               lcd
     0000009D  _SM2                               lcd
     0000009E  _SM1                               lcd
     0000009F  _SM0                               lcd
     000000A0  _P2                                lcd
     000000A0  _P2_0                              lcd
     000000A0  __XPAGE                            
ASxxxx Linker V03.00/V05.40 + sdld,  page 4.
Hexadecimal  [32-Bits]

Area                                    Addr        Size        Decimal Bytes (Attributes)
--------------------------------        ----        ----        ------- ----- ------------
.  .ABS.                            00000000    00000000 =           0. bytes (ABS,CON)

      Value  Global                              Global Defined In Module
      -----  --------------------------------   ------------------------
     000000A1  _P2_1                              lcd
     000000A2  _P2_2                              lcd
     000000A3  _P2_3                              lcd
     000000A4  _P2_4                              lcd
     000000A5  _P2_5                              lcd
     000000A6  _P2_6                              lcd
     000000A7  _P2_7                              lcd
     000000A8  _EX0                               lcd
     000000A8  _IE                                lcd
     000000A9  _ET0                               lcd
     000000AA  _EX1                               lcd
     000000AB  _ET1                               lcd
     000000AC  _ES                                lcd
     000000AF  _EA                                lcd
     000000B0  _P3                                lcd
     000000B0  _P3_0                              lcd
     000000B0  _RXD                               lcd
     000000B1  _P3_1                              lcd
     000000B1  _TXD                               lcd
     000000B2  _INT0                              lcd
     000000B2  _P3_2                              lcd
     000000B3  _INT1                              lcd
     000000B3  _P3_3                              lcd
     000000B4  _P3_4                              lcd
     000000B4  _T0                                lcd
     000000B5  _P3_5                              lcd
     000000B5  _T1                                lcd
     000000B6  _P3_6                              lcd
     000000B6  _WR                                lcd
     000000B7  _P3_7                              lcd
     000000B7  _RD                                lcd
     000000B8  _IP                                lcd
     000000B8  _PX0                               lcd
     000000B9  _PT0                               lcd
     000000BA  _PX1                               lcd
     000000BB  _PT1                               lcd
     000000BC  _PS                                lcd
     000000D0  _P                                 lcd
     000000D0  _PSW                               lcd
     000000D1  _F1                                lcd
     000000D2  _OV                                lcd
     000000D3  _RS0                               lcd
     000000D4  _RS1                               lcd
     000000D5  _F0                                lcd
     000000D6  _AC                                lcd
     000000D7  _CY                                lcd
     000000E0  _ACC                               lcd
     000000F0  _B                                 lcd
     000000F5  _B_5                               _gptrget
     000000F6  _B_6                               _gptrget
     000000F7  _B_7                               _gptrget

ASxxxx Linker V03.00/V05.40 + sdld,  page 5.
Hexadecimal  [32-Bits]

Area                                    Addr        Size        Decimal Bytes (Attributes)
--------------------------------        ----        ----        ------- ----- ------------
REG_BANK_0                          00000000    00000008 =           8. bytes (REL,OVR)

      Value  Global                              Global Defined In Module
      -----  --------------------------------   ------------------------
ASxxxx Linker V03.00/V05.40 + sdld,  page 6.
Hexadecimal  [32-Bits]

Area                                    Addr        Size        Decimal Bytes (Attributes)
--------------------------------        ----        ----        ------- ----- ------------
DSEG                                00000000    00000080 =         128. bytes (REL,CON)

      Value  Global                              Global Defined In Module
      -----  --------------------------------   ------------------------
     00000008  _table                             screen
     0000001C  _vals                              screen
     00000024  _current_val                       screen
     0000002E  _SCREEN_FLAG                       global
     00000030  _BLINK_MODE                        global
     00000032  _BLINK_COUNTER                     global
     00000050  _display_2_PARM_2                  lcd
     00000053  _display_2_PARM_3                  lcd
     00000055  _display_2_PARM_4                  lcd
ASxxxx Linker V03.00/V05.40 + sdld,  page 7.
Hexadecimal  [32-Bits]

Area                                    Addr        Size        Decimal Bytes (Attributes)
--------------------------------        ----        ----        ------- ----- ------------
OSEG                                00000057    00000004 =           4. bytes (REL,OVR)

      Value  Global                              Global Defined In Module
      -----  --------------------------------   ------------------------
     00000057  __modsint_PARM_2                   _moduint
     00000057  __moduint_PARM_2                   _moduint

ASxxxx Linker V03.00/V05.40 + sdld,  page 8.
Hexadecimal  [32-Bits]

Area                                    Addr        Size        Decimal Bytes (Attributes)
--------------------------------        ----        ----        ------- ----- ------------
SSEG                                0000005B    000000A5 =         165. bytes (REL,OVR)

      Value  Global                              Global Defined In Module
      -----  --------------------------------   ------------------------
     0000005B  __start__stack                     main

ASxxxx Linker V03.00/V05.40 + sdld,  page 9.
Hexadecimal  [32-Bits]

Area                                    Addr        Size        Decimal Bytes (Attributes)
--------------------------------        ----        ----        ------- ----- ------------
HOME                                00000000    00000021 =          33. bytes (REL,CON,CODE)

      Value  Global                              Global Defined In Module
      -----  --------------------------------   ------------------------
C:   0000001E  __sdcc_program_startup             main

ASxxxx Linker V03.00/V05.40 + sdld,  page 10.
Hexadecimal  [32-Bits]

Area                                    Addr        Size        Decimal Bytes (Attributes)
--------------------------------        ----        ----        ------- ----- ------------
GSINIT0                             00000021    00000003 =           3. bytes (REL,CON,CODE)

      Value  Global                              Global Defined In Module
      -----  --------------------------------   ------------------------
C:   00000021  __sdcc_gsinit_startup              

ASxxxx Linker V03.00/V05.40 + sdld,  page 11.
Hexadecimal  [32-Bits]

Area                                    Addr        Size        Decimal Bytes (Attributes)
--------------------------------        ----        ----        ------- ----- ------------
GSINIT2                             00000024    0000000A =          10. bytes (REL,CON,CODE)

      Value  Global                              Global Defined In Module
      -----  --------------------------------   ------------------------
ASxxxx Linker V03.00/V05.40 + sdld,  page 12.
Hexadecimal  [32-Bits]

Area                                    Addr        Size        Decimal Bytes (Attributes)
--------------------------------        ----        ----        ------- ----- ------------
GSINIT3                             0000002E    00000022 =          34. bytes (REL,CON,CODE)

      Value  Global                              Global Defined In Module
      -----  --------------------------------   ------------------------
C:   0000002E  __mcs51_genXINIT                   

ASxxxx Linker V03.00/V05.40 + sdld,  page 13.
Hexadecimal  [32-Bits]

Area                                    Addr        Size        Decimal Bytes (Attributes)
--------------------------------        ----        ----        ------- ----- ------------
GSINIT4                             00000050    0000002A =          42. bytes (REL,CON,CODE)

      Value  Global                              Global Defined In Module
      -----  --------------------------------   ------------------------
C:   00000050  __mcs51_genRAMCLEAR                
C:   00000056  __mcs51_genXRAMCLEAR               

ASxxxx Linker V03.00/V05.40 + sdld,  page 14.
Hexadecimal  [32-Bits]

Area                                    Addr        Size        Decimal Bytes (Attributes)
--------------------------------        ----        ----        ------- ----- ------------
GSINIT                              0000007A    00000097 =         151. bytes (REL,CON,CODE)

      Value  Global                              Global Defined In Module
      -----  --------------------------------   ------------------------
ASxxxx Linker V03.00/V05.40 + sdld,  page 15.
Hexadecimal  [32-Bits]

Area                                    Addr        Size        Decimal Bytes (Attributes)
--------------------------------        ----        ----        ------- ----- ------------
GSFINAL                             00000111    00000003 =           3. bytes (REL,CON,CODE)

      Value  Global                              Global Defined In Module
      -----  --------------------------------   ------------------------
ASxxxx Linker V03.00/V05.40 + sdld,  page 16.
Hexadecimal  [32-Bits]

Area                                    Addr        Size        Decimal Bytes (Attributes)
--------------------------------        ----        ----        ------- ----- ------------
CSEG                                00000114    00000907 =        2311. bytes (REL,CON,CODE)

      Value  Global                              Global Defined In Module
      -----  --------------------------------   ------------------------
C:   00000114  _main                              main
C:   0000014D  _init_debounce_timer               main
C:   00000156  _init_blink_timer                  main
C:   00000163  _Timer1_ISR                        main
C:   0000018E  _display_poll                      screen
C:   0000030D  _display                           screen
C:   0000036E  _button_poll                       button
C:   00000411  _button_handle                     button
C:   00000459  _reset_timer                       global
C:   00000466  _delay                             global
C:   00000497  _blink                             blink
C:   000005D8  _I2C_poll                          I2C
C:   0000062B  _next_handle                       I2C
C:   000006D2  _stcon_Handler                     I2C
C:   000006DB  _dout_Handler                      I2C
C:   00000708  _stpcon_Handler                    I2C
C:   00000711  _read_Handler                      I2C
C:   0000075C  _display_2                         lcd
C:   0000079B  _init_display                      lcd
C:   000007B9  _start_con                         lcd
C:   000007C7  _stop_con                          lcd
C:   000007D5  _send_command                      lcd
C:   00000865  _send_data                         lcd
C:   000008F5  _send_str                          lcd
C:   00000930  _write                             lcd
C:   0000096C  _ack                               lcd
C:   00000978  __moduint                          _moduint
C:   000009C5  __gptrget                          _gptrget
C:   000009E1  __modsint                          _modsint
C:   00000A17  ___sdcc_external_startup           _startup
ASxxxx Linker V03.00/V05.40 + sdld,  page 17.
Hexadecimal  [32-Bits]

Area                                    Addr        Size        Decimal Bytes (Attributes)
--------------------------------        ----        ----        ------- ----- ------------
CONST                               00000A1B    0000001A =          26. bytes (REL,CON,CODE)

      Value  Global                              Global Defined In Module
      -----  --------------------------------   ------------------------
ASxxxx Linker V03.00/V05.40 + sdld,  page 18.

Files Linked                              [ module(s) ]

main.rel                                  [  ]
screen/screen.rel                         [  ]
button/button.rel                         [  ]
global.rel                                [  ]
blink/blink.rel                           [  ]
I2C/I2C.rel                               [  ]
lcd/lcd.rel                               [  ]


Libraries Linked                          [ object file ]

C:\Program Files (x86)\SDCC\bin\..\lib\small/mcs51.lib
                                          [ crtclear.rel ]
C:\Program Files (x86)\SDCC\bin\..\lib\small/mcs51.lib
                                          [ crtxinit.rel ]
C:\Program Files (x86)\SDCC\bin\..\lib\small/libint.lib
                                          [ _moduint.rel ]
C:\Program Files (x86)\SDCC\bin\..\lib\small/mcs51.lib
                                          [ crtxclear.rel ]
C:\Program Files (x86)\SDCC\bin\..\lib\small/mcs51.lib
                                          [ crtpagesfr.rel ]
C:\Program Files (x86)\SDCC\bin\..\lib\small/mcs51.lib
                                          [ crtstart.rel ]
C:\Program Files (x86)\SDCC\bin\..\lib\small/libsdcc.lib
                                          [ _gptrget.rel ]
C:\Program Files (x86)\SDCC\bin\..\lib\small/libint.lib
                                          [ _modsint.rel ]
C:\Program Files (x86)\SDCC\bin\..\lib\small/libsdcc.lib
                                          [ _startup.rel ]

ASxxxx Linker V03.00/V05.40 + sdld,  page 19.

User Base Address Definitions

HOME = 0x0000
XSEG = 0x0001
PSEG = 0x0001
ISEG = 0x0000
BSEG = 0x0000

